SUB QUERIES



SQL> select employee_id,last_name,salary from employees where salary>(select avg(salary) from employees);

EMPLOYEE_ID LAST_NAME                     SALARY                                
----------- ------------------------- ----------                                
        100 King                           24000                                
        101 Kochhar                        17000                                
        102 De Haan                        17000                                
        103 Hunold                          9000                                
        108 Greenberg                      12008                                
        109 Faviet                          9000                                
        110 Chen                            8200                                
        111 Sciarra                         7700                                
        112 Urman                           7800                                
        113 Popp                            6900                                
        114 Raphaely                       11000                                

EMPLOYEE_ID LAST_NAME                     SALARY                                
----------- ------------------------- ----------                                
        120 Weiss                           8000                                
        121 Fripp                           8200                                
        122 Kaufling                        7900                                
        123 Vollman                         6500                                
        145 Russell                        14000                                
        146 Partners                       13500                                
        147 Errazuriz                      12000                                
        148 Cambrault                      11000                                
        149 Zlotkey                        10500                                
        150 Tucker                         10000                                
        151 Bernstein                       9500                                

EMPLOYEE_ID LAST_NAME                     SALARY                                
----------- ------------------------- ----------                                
        152 Hall                            9000                                
        153 Olsen                           8000                                
        154 Cambrault                       7500                                
        155 Tuvault                         7000                                
        156 King                           10000                                
        157 Sully                           9500                                
        158 McEwen                          9000                                
        159 Smith                           8000                                
        160 Doran                           7500                                
        161 Sewall                          7000                                
        162 Vishney                        10500                                

EMPLOYEE_ID LAST_NAME                     SALARY                                
----------- ------------------------- ----------                                
        163 Greene                          9500                                
        164 Marvins                         7200                                
        165 Lee                             6800                                
        168 Ozer                           11500                                
        169 Bloom                          10000                                
        170 Fox                             9600                                
        171 Smith                           7400                                
        172 Bates                           7300                                
        174 Abel                           11000                                
        175 Hutton                          8800                                
        176 Taylor                          8600                                

EMPLOYEE_ID LAST_NAME                     SALARY                                
----------- ------------------------- ----------                                
        177 Livingston                      8400                                
        178 Grant                           7000                                
        201 Hartstein                      13000                                
        203 Mavris                          6500                                
        204 Baer                           10000                                
        205 Higgins                        12008                                
        206 Gietz                           8300                                

51 rows selected.

SQL> select employee_id,last_name,salary from employees where salary>(select avg(salary) from employees) order by salary;

EMPLOYEE_ID LAST_NAME                     SALARY                                
----------- ------------------------- ----------                                
        203 Mavris                          6500                                
        123 Vollman                         6500                                
        165 Lee                             6800                                
        113 Popp                            6900                                
        155 Tuvault                         7000                                
        161 Sewall                          7000                                
        178 Grant                           7000                                
        164 Marvins                         7200                                
        172 Bates                           7300                                
        171 Smith                           7400                                
        154 Cambrault                       7500                                

EMPLOYEE_ID LAST_NAME                     SALARY                                
----------- ------------------------- ----------                                
        160 Doran                           7500                                
        111 Sciarra                         7700                                
        112 Urman                           7800                                
        122 Kaufling                        7900                                
        120 Weiss                           8000                                
        159 Smith                           8000                                
        153 Olsen                           8000                                
        121 Fripp                           8200                                
        110 Chen                            8200                                
        206 Gietz                           8300                                
        177 Livingston                      8400                                

EMPLOYEE_ID LAST_NAME                     SALARY                                
----------- ------------------------- ----------                                
        176 Taylor                          8600                                
        175 Hutton                          8800                                
        158 McEwen                          9000                                
        152 Hall                            9000                                
        109 Faviet                          9000                                
        103 Hunold                          9000                                
        157 Sully                           9500                                
        151 Bernstein                       9500                                
        163 Greene                          9500                                
        170 Fox                             9600                                
        156 King                           10000                                

EMPLOYEE_ID LAST_NAME                     SALARY                                
----------- ------------------------- ----------                                
        150 Tucker                         10000                                
        204 Baer                           10000                                
        169 Bloom                          10000                                
        149 Zlotkey                        10500                                
        162 Vishney                        10500                                
        174 Abel                           11000                                
        148 Cambrault                      11000                                
        114 Raphaely                       11000                                
        168 Ozer                           11500                                
        147 Errazuriz                      12000                                
        108 Greenberg                      12008                                

EMPLOYEE_ID LAST_NAME                     SALARY                                
----------- ------------------------- ----------                                
        205 Higgins                        12008                                
        201 Hartstein                      13000                                
        146 Partners                       13500                                
        145 Russell                        14000                                
        102 De Haan                        17000                                
        101 Kochhar                        17000                                
        100 King                           24000                                

51 rows selected.

SQL> select last_name,department_id,job_id from employees where department_id in(select depatment_id from departments where location_id=1700);
select last_name,department_id,job_id from employees where department_id in(select depatment_id from departments where location_id=1700)
                                                                                   *
ERROR at line 1:
ORA-00904: "DEPATMENT_ID": invalid identifier 


SQL> select last_name,department_id,job_id from employees where department_id in(select department_id from departments where location_id=1700);

LAST_NAME                 DEPARTMENT_ID JOB_ID                                  
------------------------- ------------- ----------                              
King                                 90 AD_PRES                                 
Kochhar                              90 AD_VP                                   
De Haan                              90 AD_VP                                   
Greenberg                           100 FI_MGR                                  
Faviet                              100 FI_ACCOUNT                              
Chen                                100 FI_ACCOUNT                              
Sciarra                             100 FI_ACCOUNT                              
Urman                               100 FI_ACCOUNT                              
Popp                                100 FI_ACCOUNT                              
Raphaely                             30 PU_MAN                                  
Khoo                                 30 PU_CLERK                                

LAST_NAME                 DEPARTMENT_ID JOB_ID                                  
------------------------- ------------- ----------                              
Baida                                30 PU_CLERK                                
Tobias                               30 PU_CLERK                                
Himuro                               30 PU_CLERK                                
Colmenares                           30 PU_CLERK                                
Whalen                               10 AD_ASST                                 
Higgins                             110 AC_MGR                                  
Gietz                               110 AC_ACCOUNT                              

18 rows selected.

SQL> select last_name,department_id,job_id from employees where department_id in(select department_id from departments where location_id='&location_id');
Enter value for location_id: 1700
old   1: select last_name,department_id,job_id from employees where department_id in(select department_id from departments where location_id='&location_id')
new   1: select last_name,department_id,job_id from employees where department_id in(select department_id from departments where location_id='1700')

LAST_NAME                 DEPARTMENT_ID JOB_ID                                  
------------------------- ------------- ----------                              
King                                 90 AD_PRES                                 
Kochhar                              90 AD_VP                                   
De Haan                              90 AD_VP                                   
Greenberg                           100 FI_MGR                                  
Faviet                              100 FI_ACCOUNT                              
Chen                                100 FI_ACCOUNT                              
Sciarra                             100 FI_ACCOUNT                              
Urman                               100 FI_ACCOUNT                              
Popp                                100 FI_ACCOUNT                              
Raphaely                             30 PU_MAN                                  
Khoo                                 30 PU_CLERK                                

LAST_NAME                 DEPARTMENT_ID JOB_ID                                  
------------------------- ------------- ----------                              
Baida                                30 PU_CLERK                                
Tobias                               30 PU_CLERK                                
Himuro                               30 PU_CLERK                                
Colmenares                           30 PU_CLERK                                
Whalen                               10 AD_ASST                                 
Higgins                             110 AC_MGR                                  
Gietz                               110 AC_ACCOUNT                              

18 rows selected.

SQL> select last_name,salary from employees manager_id in(select employee_id from employees where last_name='king');
select last_name,salary from employees manager_id in(select employee_id from employees where last_name='king')
                                                  *
ERROR at line 1:
ORA-00933: SQL command not properly ended 


SQL> select last_name,salary from employees where  manager_id in(select employee_id from employees where last_name='king');

no rows selected

SQL> select last_name,salary from employees where  manager_id in(select employee_id from employees where last_name='king');

no rows selected

SQL> spool off
SQL> select department_id,job_id,last_name from employees
  2  where (select department_name from departments where department_name='executive');
where (select department_name from departments where department_name='executive')
                                                                                *
ERROR at line 2:
ORA-00936: missing expression 


SQL> select department_id,job_id,last_name from employees
  2  where (select department_name from departments where department_name='Executive');
where (select department_name from departments where department_name='Executive')
                                                                                *
ERROR at line 2:
ORA-00936: missing expression 


SQL> select department_id,job_id,last_name from employees
  2  where department_id in (select department_name from departments where department_name='Executive');
where department_id in (select department_name from departments where department_name='Executive')
                               *
ERROR at line 2:
ORA-01722: invalid number 


SQL> select department_id,job_id,last_name from employees
  2  where department_id in (select department_id from departments where department_name='Executive');

DEPARTMENT_ID JOB_ID     LAST_NAME                                              
------------- ---------- -------------------------                              
           90 AD_PRES    King                                                   
           90 AD_VP      Kochhar                                                
           90 AD_VP      De Haan                                                

SQL> select * from employees where salary> (select salary from employees where department_id=60);
select * from employees where salary> (select salary from employees where department_id=60)
                                       *
ERROR at line 1:
ORA-01427: single-row subquery returns more than one row 


SQL> select * from employees where salary> (select salary from employees where department_id=60);
select * from employees where salary> (select salary from employees where department_id=60)
                                       *
ERROR at line 1:
ORA-01427: single-row subquery returns more than one row 


SQL> select * from employees
  2  here salary> (select salary from employees where department_id=60);
here salary> (select salary from employees where department_id=60)
     *
ERROR at line 2:
ORA-00933: SQL command not properly ended 


SQL> select * from employees
  2  where salary>(select salary from employees where department_id=60);
where salary>(select salary from employees where department_id=60)
              *
ERROR at line 2:
ORA-01427: single-row subquery returns more than one row 


SQL> select * from employees
  2  where salary>(select max(salary) from employees where department_id=60);

EMPLOYEE_ID FIRST_NAME           LAST_NAME                                      
----------- -------------------- -------------------------                      
EMAIL                     PHONE_NUMBER         HIRE_DATE JOB_ID         SALARY  
------------------------- -------------------- --------- ---------- ----------  
COMMISSION_PCT MANAGER_ID DEPARTMENT_ID                                         
-------------- ---------- -------------                                         
        100 Steven               King                                           
SKING                     515.123.4567         17-JUN-03 AD_PRES         24000  
                                     90                                         
                                                                                
        101 Neena                Kochhar                                        
NKOCHHAR                  515.123.4568         21-SEP-05 AD_VP           17000  
                      100            90                                         

EMPLOYEE_ID FIRST_NAME           LAST_NAME                                      
----------- -------------------- -------------------------                      
EMAIL                     PHONE_NUMBER         HIRE_DATE JOB_ID         SALARY  
------------------------- -------------------- --------- ---------- ----------  
COMMISSION_PCT MANAGER_ID DEPARTMENT_ID                                         
-------------- ---------- -------------                                         
                                                                                
        102 Lex                  De Haan                                        
LDEHAAN                   515.123.4569         13-JAN-01 AD_VP           17000  
                      100            90                                         
                                                                                
        108 Nancy                Greenberg                                      
NGREENBE                  515.124.4569         17-AUG-02 FI_MGR          12008  

EMPLOYEE_ID FIRST_NAME           LAST_NAME                                      
----------- -------------------- -------------------------                      
EMAIL                     PHONE_NUMBER         HIRE_DATE JOB_ID         SALARY  
------------------------- -------------------- --------- ---------- ----------  
COMMISSION_PCT MANAGER_ID DEPARTMENT_ID                                         
-------------- ---------- -------------                                         
                      101           100                                         
                                                                                
        114 Den                  Raphaely                                       
DRAPHEAL                  515.127.4561         07-DEC-02 PU_MAN          11000  
                      100            30                                         
                                                                                
        145 John                 Russell                                        

EMPLOYEE_ID FIRST_NAME           LAST_NAME                                      
----------- -------------------- -------------------------                      
EMAIL                     PHONE_NUMBER         HIRE_DATE JOB_ID         SALARY  
------------------------- -------------------- --------- ---------- ----------  
COMMISSION_PCT MANAGER_ID DEPARTMENT_ID                                         
-------------- ---------- -------------                                         
JRUSSEL                   011.44.1344.429268   01-OCT-04 SA_MAN          14000  
            .4        100            80                                         
                                                                                
        146 Karen                Partners                                       
KPARTNER                  011.44.1344.467268   05-JAN-05 SA_MAN          13500  
            .3        100            80                                         
                                                                                

EMPLOYEE_ID FIRST_NAME           LAST_NAME                                      
----------- -------------------- -------------------------                      
EMAIL                     PHONE_NUMBER         HIRE_DATE JOB_ID         SALARY  
------------------------- -------------------- --------- ---------- ----------  
COMMISSION_PCT MANAGER_ID DEPARTMENT_ID                                         
-------------- ---------- -------------                                         
        147 Alberto              Errazuriz                                      
AERRAZUR                  011.44.1344.429278   10-MAR-05 SA_MAN          12000  
            .3        100            80                                         
                                                                                
        148 Gerald               Cambrault                                      
GCAMBRAU                  011.44.1344.619268   15-OCT-07 SA_MAN          11000  
            .3        100            80                                         

EMPLOYEE_ID FIRST_NAME           LAST_NAME                                      
----------- -------------------- -------------------------                      
EMAIL                     PHONE_NUMBER         HIRE_DATE JOB_ID         SALARY  
------------------------- -------------------- --------- ---------- ----------  
COMMISSION_PCT MANAGER_ID DEPARTMENT_ID                                         
-------------- ---------- -------------                                         
                                                                                
        149 Eleni                Zlotkey                                        
EZLOTKEY                  011.44.1344.429018   29-JAN-08 SA_MAN          10500  
            .2        100            80                                         
                                                                                
        150 Peter                Tucker                                         
PTUCKER                   011.44.1344.129268   30-JAN-05 SA_REP          10000  

EMPLOYEE_ID FIRST_NAME           LAST_NAME                                      
----------- -------------------- -------------------------                      
EMAIL                     PHONE_NUMBER         HIRE_DATE JOB_ID         SALARY  
------------------------- -------------------- --------- ---------- ----------  
COMMISSION_PCT MANAGER_ID DEPARTMENT_ID                                         
-------------- ---------- -------------                                         
            .3        145            80                                         
                                                                                
        151 David                Bernstein                                      
DBERNSTE                  011.44.1344.345268   24-MAR-05 SA_REP           9500  
           .25        145            80                                         
                                                                                
        156 Janette              King                                           

EMPLOYEE_ID FIRST_NAME           LAST_NAME                                      
----------- -------------------- -------------------------                      
EMAIL                     PHONE_NUMBER         HIRE_DATE JOB_ID         SALARY  
------------------------- -------------------- --------- ---------- ----------  
COMMISSION_PCT MANAGER_ID DEPARTMENT_ID                                         
-------------- ---------- -------------                                         
JKING                     011.44.1345.429268   30-JAN-04 SA_REP          10000  
           .35        146            80                                         
                                                                                
        157 Patrick              Sully                                          
PSULLY                    011.44.1345.929268   04-MAR-04 SA_REP           9500  
           .35        146            80                                         
                                                                                

EMPLOYEE_ID FIRST_NAME           LAST_NAME                                      
----------- -------------------- -------------------------                      
EMAIL                     PHONE_NUMBER         HIRE_DATE JOB_ID         SALARY  
------------------------- -------------------- --------- ---------- ----------  
COMMISSION_PCT MANAGER_ID DEPARTMENT_ID                                         
-------------- ---------- -------------                                         
        162 Clara                Vishney                                        
CVISHNEY                  011.44.1346.129268   11-NOV-05 SA_REP          10500  
           .25        147            80                                         
                                                                                
        163 Danielle             Greene                                         
DGREENE                   011.44.1346.229268   19-MAR-07 SA_REP           9500  
           .15        147            80                                         

EMPLOYEE_ID FIRST_NAME           LAST_NAME                                      
----------- -------------------- -------------------------                      
EMAIL                     PHONE_NUMBER         HIRE_DATE JOB_ID         SALARY  
------------------------- -------------------- --------- ---------- ----------  
COMMISSION_PCT MANAGER_ID DEPARTMENT_ID                                         
-------------- ---------- -------------                                         
                                                                                
        168 Lisa                 Ozer                                           
LOZER                     011.44.1343.929268   11-MAR-05 SA_REP          11500  
           .25        148            80                                         
                                                                                
        169 Harrison             Bloom                                          
HBLOOM                    011.44.1343.829268   23-MAR-06 SA_REP          10000  

EMPLOYEE_ID FIRST_NAME           LAST_NAME                                      
----------- -------------------- -------------------------                      
EMAIL                     PHONE_NUMBER         HIRE_DATE JOB_ID         SALARY  
------------------------- -------------------- --------- ---------- ----------  
COMMISSION_PCT MANAGER_ID DEPARTMENT_ID                                         
-------------- ---------- -------------                                         
            .2        148            80                                         
                                                                                
        170 Tayler               Fox                                            
TFOX                      011.44.1343.729268   24-JAN-06 SA_REP           9600  
            .2        148            80                                         
                                                                                
        174 Ellen                Abel                                           

EMPLOYEE_ID FIRST_NAME           LAST_NAME                                      
----------- -------------------- -------------------------                      
EMAIL                     PHONE_NUMBER         HIRE_DATE JOB_ID         SALARY  
------------------------- -------------------- --------- ---------- ----------  
COMMISSION_PCT MANAGER_ID DEPARTMENT_ID                                         
-------------- ---------- -------------                                         
EABEL                     011.44.1644.429267   11-MAY-04 SA_REP          11000  
            .3        149            80                                         
                                                                                
        201 Michael              Hartstein                                      
MHARTSTE                  515.123.5555         17-FEB-04 MK_MAN          13000  
                      100            20                                         
                                                                                

EMPLOYEE_ID FIRST_NAME           LAST_NAME                                      
----------- -------------------- -------------------------                      
EMAIL                     PHONE_NUMBER         HIRE_DATE JOB_ID         SALARY  
------------------------- -------------------- --------- ---------- ----------  
COMMISSION_PCT MANAGER_ID DEPARTMENT_ID                                         
-------------- ---------- -------------                                         
        204 Hermann              Baer                                           
HBAER                     515.123.8888         07-JUN-02 PR_REP          10000  
                      101            70                                         
                                                                                
        205 Shelley              Higgins                                        
SHIGGINS                  515.123.8080         07-JUN-02 AC_MGR          12008  
                      101           110                                         

EMPLOYEE_ID FIRST_NAME           LAST_NAME                                      
----------- -------------------- -------------------------                      
EMAIL                     PHONE_NUMBER         HIRE_DATE JOB_ID         SALARY  
------------------------- -------------------- --------- ---------- ----------  
COMMISSION_PCT MANAGER_ID DEPARTMENT_ID                                         
-------------- ---------- -------------                                         
                                                                                

23 rows selected.

SQL> spool off;
